1. Registering test user...
2. Initiating MFA setup...
node.exe : Test 
failed: SyntaxError: 
Unexpected token '<', 
"<!DOCTYPE "... is not 
valid JSON
At line:1 char:1
+ & "C:\Program 
Files\nodejs/node.exe" 
"C:\Program 
Files\nodejs/node_mo 
...
+ ~~~~~~~~~~~~~~~~~~~~~
~~~~~~~~~~~~~~~~~~~~~~~
~~~~~~~~~~~~~~~~~~~~~~~
~~
    + CategoryInfo     
         : NotSpecifi  
  ed: (Test failed:    
 Sy... not valid JS    
ON:String) [], Rem    
oteException
    + FullyQualifiedEr 
   rorId : NativeComm  
  andError
 
    at JSON.parse 
(<anonymous>)
    at 
parseJSONFromBytes (nod
e:internal/deps/undici/
undici:5738:19)
    at successSteps (no
de:internal/deps/undici
/undici:5719:27)
    at fullyReadBody (n
ode:internal/deps/undic
i/undici:4609:9)
    at process.processT
icksAndRejections (node
:internal/process/task_
queues:105:5)
    at async 
consumeBody (node:inter
nal/deps/undici/undici:
5728:7)
    at async 
<anonymous> (C:\Users\g
owth\TN-IMPACT\TN-IMPAC
T\Employee-Hub\Employee
-Hub\test-mfa.ts:21:27)
